// Vitest Snapshot v1, https://vitest.dev/guide/snapshot.html

exports[`Test: KMenu > props: cls 1`] = `"<div class="overflow-hidden"><ul class="k-menu k-menu-vertical k-menu--test" style="border-color: transparent; transition: height 0.3s;"></ul></div>"`;

exports[`Test: KMenu > props: inlineCollapsed 1`] = `"<div class="w-full fsc"><div class="overflow-hidden"><ul class="k-menu k-menu-inline" style="transition: height 0.3s;"> <div aria-hidden="true" class="flex k-menu-item-popover-trigger-vertical svelte-13arsd0" data-popover-trigger="" style="width: auto;"><div aria-hidden="true" class="flex svelte-13arsd0" data-popover-trigger="" style="width: 100%;"><li slot="triggerEl" aria-hidden="true" class="k-menu-item k-menu-item-vertical k-menu-item-vertical-not-top k-menu-item-active k-menu-item-hover k-menu-item-child" title=""><span class="k-menu-item-icon-root--collapsed"><span class="k-icon--base k-icon--base__dark k-icon-transition i-carbon-logo-vue k-menu-item-icon" role="" aria-hidden="true" style="width: 14px; height: 14px;"></span> </span> </li></div> </div>   </ul></div> <div class="overflow-hidden"><ul class="k-menu k-menu-vertical" style="transition: height 0.3s;"> <div aria-hidden="true" class="flex k-menu-item-popover-trigger-vertical svelte-13arsd0" data-popover-trigger="" style="width: auto;"><div aria-hidden="true" class="flex svelte-13arsd0" data-popover-trigger="" style="width: 100%;"><li slot="triggerEl" aria-hidden="true" class="k-menu-item k-menu-item-vertical k-menu-item-vertical-not-top k-menu-item-active k-menu-item-hover k-menu-item-child" title=""><span class="k-menu-item-icon-root--collapsed"><span class="k-icon--base k-icon--base__dark k-icon-transition i-carbon-logo-vue k-menu-item-icon" role="" aria-hidden="true" style="width: 14px; height: 14px;"></span> </span> </li></div> </div>   </ul></div> <button></button></div>"`;

exports[`Test: KMenu > props: inlineCollapsed 2`] = `"<div class="w-full fsc"><div class="overflow-hidden"><ul class="k-menu k-menu-inline" style="transition: height 0.3s;"><div aria-hidden="true" class="flex svelte-13arsd0" data-popover-trigger="" style="width: 100%;"><li slot="triggerEl" aria-hidden="true" class="k-menu-item k-menu-item-inline k-menu-item-inline-not-top k-menu-item-active k-menu-item-hover k-menu-item-child" title="" style="padding-left: 60px;"><span class="k-menu-item-icon-root"><span class="k-icon--base k-icon--base__dark k-icon-transition i-carbon-logo-vue k-menu-item-icon" role="" aria-hidden="true" style="width: 14px; height: 14px;"></span> <span class="k-menu-title-content-i">Navigation Three - Su</span></span> <span class="k-icon--base k-icon--base__dark k-icon-transition i-carbon-chevron-down  k-icon-transition k-menu-item-icon" role="" aria-hidden="true" style="width: 14px; height: 14px;"></span></li></div>     </ul></div> <div class="overflow-hidden"><ul class="k-menu k-menu-vertical" style="transition: height 0.3s;"> <div aria-hidden="true" class="flex k-menu-item-popover-trigger-vertical svelte-13arsd0" data-popover-trigger="" style="width: auto;"><div aria-hidden="true" class="flex svelte-13arsd0" data-popover-trigger="" style="width: 100%;"><li slot="triggerEl" aria-hidden="true" class="k-menu-item k-menu-item-vertical k-menu-item-vertical-not-top k-menu-item-active k-menu-item-hover k-menu-item-child" title="" style="padding-left: 60px;"><span class="k-menu-item-icon-root"><span class="k-icon--base k-icon--base__dark k-icon-transition i-carbon-logo-vue k-menu-item-icon" role="" aria-hidden="true" style="width: 14px; height: 14px;"></span> <span class="k-menu-title-content-i">Navigation Three - Su</span></span> <span class="k-icon--base k-icon--base__dark k-icon-transition i-carbon-chevron-down  -rotate-90 k-menu-item-icon" role="" aria-hidden="true" style="width: 14px; height: 14px;"></span></li></div> </div>   </ul></div> <button></button></div>"`;

exports[`Test: KMenu > props: inlineIndent 1`] = `"<div class="w-full fsc"><div class="overflow-hidden"><ul class="k-menu k-menu-inline" style="transition: height 0.3s;"><div aria-hidden="true" class="flex svelte-13arsd0" data-popover-trigger="" style="width: 100%;"><li slot="triggerEl" aria-hidden="true" class="k-menu-item k-menu-item-inline k-menu-item-inline-not-top k-menu-item-active k-menu-item-hover k-menu-item-child" title="" style="padding-left: 60px;"><span class="k-menu-item-icon-root"><span class="k-icon--base k-icon--base__dark k-icon-transition i-carbon-logo-vue k-menu-item-icon" role="" aria-hidden="true" style="width: 14px; height: 14px;"></span> <span class="k-menu-title-content-i">Navigation Three - Su</span></span> <span class="k-icon--base k-icon--base__dark k-icon-transition i-carbon-chevron-down  k-icon-transition k-menu-item-icon" role="" aria-hidden="true" style="width: 14px; height: 14px;"></span></li></div>     </ul></div></div>"`;

exports[`Test: KMenu > props: openUids 1`] = `"<div class="w-full fsc"><div class="overflow-hidden"><ul class="k-menu k-menu-inline" style="transition: height 0.3s;"> <div aria-hidden="true" class="flex k-menu-item-popover-trigger-vertical svelte-13arsd0" data-popover-trigger="" style="width: auto;"><div aria-hidden="true" class="flex svelte-13arsd0" data-popover-trigger="" style="width: 100%;"><li slot="triggerEl" aria-hidden="true" class="k-menu-item k-menu-item-vertical k-menu-item-vertical-not-top k-menu-item-active k-menu-item-hover k-menu-item-child" title=""><span class="k-menu-item-icon-root--collapsed"><span class="k-icon--base k-icon--base__dark k-icon-transition i-carbon-logo-vue k-menu-item-icon" role="" aria-hidden="true" style="width: 14px; height: 14px;"></span> </span> </li></div> </div>   </ul></div> <div class="overflow-hidden"><ul class="k-menu k-menu-vertical" style="transition: height 0.3s;"> <div aria-hidden="true" class="flex k-menu-item-popover-trigger-vertical svelte-13arsd0" data-popover-trigger="" style="width: auto;"><div aria-hidden="true" class="flex svelte-13arsd0" data-popover-trigger="" style="width: 100%;"><li slot="triggerEl" aria-hidden="true" class="k-menu-item k-menu-item-vertical k-menu-item-vertical-not-top k-menu-item-active k-menu-item-hover k-menu-item-child" title=""><span class="k-menu-item-icon-root--collapsed"><span class="k-icon--base k-icon--base__dark k-icon-transition i-carbon-logo-vue k-menu-item-icon" role="" aria-hidden="true" style="width: 14px; height: 14px;"></span> </span> </li></div> </div>   </ul></div> <div class="overflow-hidden"><ul class="k-menu k-menu-inline" style="transition: height 0.3s;"><div aria-hidden="true" class="flex svelte-13arsd0" data-popover-trigger="" style="width: 100%;"><li slot="triggerEl" aria-hidden="true" class="k-menu-item k-menu-item-inline k-menu-item-inline-not-top k-menu-item-active k-menu-item-hover k-menu-item-child" title="" style="padding-left: 24px;"><span class="k-menu-item-icon-root"><span class="k-icon--base k-icon--base__dark k-icon-transition i-carbon-logo-vue k-menu-item-icon" role="" aria-hidden="true" style="width: 14px; height: 14px;"></span> <span class="k-menu-title-content-i">Navigation Three - Su</span></span> <span class="k-icon--base k-icon--base__dark k-icon-transition i-carbon-chevron-down  rotate-180 k-icon-transition k-menu-item-icon" role="" aria-hidden="true" style="width: 14px; height: 14px;"></span></li></div>  <div class="overflow-hidden"><ul class="k-menu k-menu-inline k-menu-sub k-menu-sub-inline k-menu-sub-bg" style="border-color: transparent; transition: height 0.3s;"><div aria-hidden="true" class="flex svelte-13arsd0" data-popover-trigger="" style="width: 100%;"><li slot="triggerEl" aria-hidden="true" class="k-menu-item k-menu-item-inline-group k-menu-item-active" title="Item 1" uid="SubMenu" style="padding-left: 24px;"><span class="k-menu-item-icon-root"> <span class="k-menu-title-content">Item 1</span></span> </li></div>  <div class="overflow-hidden"><ul class="k-menu k-menu-inline k-menu-sub k-menu-sub-inline" style="border-color: transparent; transition: height 0.3s;"><div aria-hidden="true" class="flex svelte-13arsd0" data-popover-trigger="" style="width: 100%;"><li slot="triggerEl" aria-hidden="true" class="k-menu-item k-menu-item-inline k-menu-item-inline-not-top k-menu-item-active k-menu-item-hover k-menu-item-child" title="" uid="asda" style="padding-left: 48px;"><span class="k-menu-item-icon-root"> <span class="k-menu-title-content">Option 1</span></span> <span class="k-icon--base k-icon--base__dark k-icon-transition i-carbon-chevron-down  rotate-180 k-icon-transition k-menu-item-icon" role="" aria-hidden="true" style="width: 14px; height: 14px;"></span></li></div>  <div class="overflow-hidden"><ul class="k-menu k-menu-inline k-menu-sub k-menu-sub-inline k-menu-sub-bg" style="border-color: transparent; transition: height 0.3s;"><div aria-hidden="true" class="flex svelte-13arsd0" data-popover-trigger="" style="width: 100%;"><li slot="triggerEl" aria-hidden="true" class="k-menu-item k-menu-item-inline k-menu-item-inline-not-top k-menu-item-active k-menu-item-hover" title="Option 3333" uid="setting:1" style="padding-left: 72px;"><span class="k-menu-item-icon-root"><span class="k-icon--base k-icon--base__dark k-icon-transition i-carbon-logo-vue k-menu-item-icon" role="" aria-hidden="true" style="width: 14px; height: 14px;"></span> <span class="k-menu-title-content-i">Option 3333 Option 3333 Option 3333</span></span> </li></div>     </ul></div>  <div class="k-divider k-divider--horizontal k-divider--horizontal__solid k-divider--content-center b-ikun-bd-base k-menu-item-divider" data-divider="k-divider"></div>  <div aria-hidden="true" class="flex svelte-13arsd0" data-popover-trigger="" style="width: 100%;"><li slot="triggerEl" aria-hidden="true" class="k-menu-item k-menu-item-inline k-menu-item-inline-not-top k-menu-item-active k-menu-item-hover" title="" uid="asda" style="padding-left: 48px;"><span class="k-menu-item-icon-root"> <span class="k-menu-title-content">Option 2</span></span> </li></div>     </ul></div>  <div aria-hidden="true" class="flex svelte-13arsd0" data-popover-trigger="" style="width: 100%;"><li slot="triggerEl" aria-hidden="true" class="k-menu-item k-menu-item-inline k-menu-item-inline-not-top k-menu-item-disabled k-menu-item-child" title="" uid="SubMenu" style="padding-left: 48px;"><span class="k-menu-item-icon-root"> <span class="k-menu-title-content">Item 2</span></span> <span class="k-icon--base k-icon--base__dark k-icon-transition i-carbon-chevron-down  rotate-180 k-icon-transition k-menu-item-icon" role="" aria-hidden="true" style="width: 14px; height: 14px;"></span></li></div>  <div class="overflow-hidden"><ul class="k-menu k-menu-inline k-menu-sub k-menu-sub-inline k-menu-sub-bg" style="border-color: transparent; transition: height 0.3s;"><div aria-hidden="true" class="flex svelte-13arsd0" data-popover-trigger="" style="width: 100%;"><li slot="triggerEl" aria-hidden="true" class="k-menu-item k-menu-item-inline k-menu-item-inline-not-top k-menu-item-disabled" title="" uid="asdqqda" style="padding-left: 72px;"><span class="k-menu-item-icon-root"> <span class="k-menu-title-content">Option 3</span></span> </li></div>    <div aria-hidden="true" class="flex svelte-13arsd0" data-popover-trigger="" style="width: 100%;"><li slot="triggerEl" aria-hidden="true" class="k-menu-item k-menu-item-inline k-menu-item-inline-not-top k-menu-item-disabled" title="" uid="asdqqda" style="padding-left: 72px;"><span class="k-menu-item-icon-root"> <span class="k-menu-title-content">Option 4</span></span> </li></div>     </ul></div>   </ul></div>   </ul></div> <div class="overflow-hidden"><ul class="k-menu k-menu-vertical" style="transition: height 0.3s;"> <div aria-hidden="true" class="flex k-menu-item-popover-trigger-vertical svelte-13arsd0" data-popover-trigger="" style="width: auto;"><div aria-hidden="true" class="flex svelte-13arsd0" data-popover-trigger="" style="width: 100%;"><li slot="triggerEl" aria-hidden="true" class="k-menu-item k-menu-item-vertical k-menu-item-vertical-not-top k-menu-item-active k-menu-item-hover k-menu-item-child" title="" style="padding-left: 24px;"><span class="k-menu-item-icon-root"><span class="k-icon--base k-icon--base__dark k-icon-transition i-carbon-logo-vue k-menu-item-icon" role="" aria-hidden="true" style="width: 14px; height: 14px;"></span> <span class="k-menu-title-content-i">Navigation Three - Su</span></span> <span class="k-icon--base k-icon--base__dark k-icon-transition i-carbon-chevron-down  -rotate-90 k-menu-item-icon" role="" aria-hidden="true" style="width: 14px; height: 14px;"></span></li></div> </div>   </ul></div> <div class="overflow-hidden"><ul class="k-menu k-menu-horizontal" style="border-color: transparent; transition: height 0.3s;">  <div aria-hidden="true" data-k-menu-h="1" class="flex svelte-13arsd0" data-popover-trigger="" style="width: auto; order: 0; opacity: 1; order: 0;"><li aria-hidden="true" class="k-menu-item k-menu-item-horizontal k-menu-item-hover-h k-menu-item-child" title="" style="padding-left: 16px;"><span class="k-menu-item-icon-root"><span class="k-icon--base k-icon--base__dark k-icon-transition i-carbon-logo-vue k-menu-item-icon" role="" aria-hidden="true" style="width: 14px; height: 14px;"></span> <span class="k-menu-title-content-i">Navigation Three - Su</span></span> </li> </div>  </ul></div></div>"`;

exports[`Test: KMenu > props: selectedUids 1`] = `"<div class="w-full fsc"><div class="overflow-hidden"><ul class="k-menu k-menu-inline" style="transition: height 0.3s;"> <div aria-hidden="true" class="flex k-menu-item-popover-trigger-vertical svelte-13arsd0" data-popover-trigger="" style="width: auto;"><div aria-hidden="true" class="flex svelte-13arsd0" data-popover-trigger="" style="width: 100%;"><li slot="triggerEl" aria-hidden="true" class="k-menu-item k-menu-item-vertical k-menu-item-vertical-not-top k-menu-item-active k-menu-item-selected-group k-menu-item-child" title=""><span class="k-menu-item-icon-root--collapsed"><span class="k-icon--base k-icon--base__dark k-icon-transition i-carbon-logo-vue k-menu-item-icon" role="" aria-hidden="true" style="width: 14px; height: 14px;"></span> </span> </li></div> </div>   </ul></div> <div class="overflow-hidden"><ul class="k-menu k-menu-vertical" style="transition: height 0.3s;"> <div aria-hidden="true" class="flex k-menu-item-popover-trigger-vertical svelte-13arsd0" data-popover-trigger="" style="width: auto;"><div aria-hidden="true" class="flex svelte-13arsd0" data-popover-trigger="" style="width: 100%;"><li slot="triggerEl" aria-hidden="true" class="k-menu-item k-menu-item-vertical k-menu-item-vertical-not-top k-menu-item-active k-menu-item-selected-group k-menu-item-child" title=""><span class="k-menu-item-icon-root--collapsed"><span class="k-icon--base k-icon--base__dark k-icon-transition i-carbon-logo-vue k-menu-item-icon" role="" aria-hidden="true" style="width: 14px; height: 14px;"></span> </span> </li></div> </div>   </ul></div> <div class="overflow-hidden"><ul class="k-menu k-menu-inline" style="transition: height 0.3s;"><div aria-hidden="true" class="flex svelte-13arsd0" data-popover-trigger="" style="width: 100%;"><li slot="triggerEl" aria-hidden="true" class="k-menu-item k-menu-item-inline k-menu-item-inline-not-top k-menu-item-active k-menu-item-selected-group k-menu-item-child" title="" style="padding-left: 24px;"><span class="k-menu-item-icon-root"><span class="k-icon--base k-icon--base__dark k-icon-transition i-carbon-logo-vue k-menu-item-icon" role="" aria-hidden="true" style="width: 14px; height: 14px;"></span> <span class="k-menu-title-content-i">Navigation Three - Su</span></span> <span class="k-icon--base k-icon--base__dark k-icon-transition i-carbon-chevron-down  rotate-180 k-icon-transition k-menu-item-icon" role="" aria-hidden="true" style="width: 14px; height: 14px;"></span></li></div>  <div class="overflow-hidden"><ul class="k-menu k-menu-inline k-menu-sub k-menu-sub-inline k-menu-sub-bg" style="border-color: transparent; transition: height 0.3s;"><div aria-hidden="true" class="flex svelte-13arsd0" data-popover-trigger="" style="width: 100%;"><li slot="triggerEl" aria-hidden="true" class="k-menu-item k-menu-item-inline-group k-menu-item-active" title="Item 1" uid="SubMenu" style="padding-left: 24px;"><span class="k-menu-item-icon-root"> <span class="k-menu-title-content">Item 1</span></span> </li></div>  <div class="overflow-hidden"><ul class="k-menu k-menu-inline k-menu-sub k-menu-sub-inline" style="border-color: transparent; transition: height 0.3s;"><div aria-hidden="true" class="flex svelte-13arsd0" data-popover-trigger="" style="width: 100%;"><li slot="triggerEl" aria-hidden="true" class="k-menu-item k-menu-item-inline k-menu-item-inline-not-top k-menu-item-active k-menu-item-selected-group k-menu-item-child" title="" uid="asda" style="padding-left: 48px;"><span class="k-menu-item-icon-root"> <span class="k-menu-title-content">Option 1</span></span> <span class="k-icon--base k-icon--base__dark k-icon-transition i-carbon-chevron-down  rotate-180 k-icon-transition k-menu-item-icon" role="" aria-hidden="true" style="width: 14px; height: 14px;"></span></li></div>  <div class="overflow-hidden"><ul class="k-menu k-menu-inline k-menu-sub k-menu-sub-inline k-menu-sub-bg" style="border-color: transparent; transition: height 0.3s;"><div aria-hidden="true" class="flex svelte-13arsd0" data-popover-trigger="" style="width: 100%;"><li slot="triggerEl" aria-hidden="true" class="k-menu-item k-menu-item-inline k-menu-item-inline-not-top k-menu-item-active k-menu-item-selected" title="Option 3333" uid="setting:1" style="padding-left: 72px;"><span class="k-menu-item-icon-root"><span class="k-icon--base k-icon--base__dark k-icon-transition i-carbon-logo-vue k-menu-item-icon" role="" aria-hidden="true" style="width: 14px; height: 14px;"></span> <span class="k-menu-title-content-i">Option 3333 Option 3333 Option 3333</span></span> </li></div>     </ul></div>  <div class="k-divider k-divider--horizontal k-divider--horizontal__solid k-divider--content-center b-ikun-bd-base k-menu-item-divider" data-divider="k-divider"></div>  <div aria-hidden="true" class="flex svelte-13arsd0" data-popover-trigger="" style="width: 100%;"><li slot="triggerEl" aria-hidden="true" class="k-menu-item k-menu-item-inline k-menu-item-inline-not-top k-menu-item-active k-menu-item-hover" title="" uid="asda" style="padding-left: 48px;"><span class="k-menu-item-icon-root"> <span class="k-menu-title-content">Option 2</span></span> </li></div>     </ul></div>  <div aria-hidden="true" class="flex svelte-13arsd0" data-popover-trigger="" style="width: 100%;"><li slot="triggerEl" aria-hidden="true" class="k-menu-item k-menu-item-inline k-menu-item-inline-not-top k-menu-item-disabled k-menu-item-child" title="" uid="SubMenu" style="padding-left: 48px;"><span class="k-menu-item-icon-root"> <span class="k-menu-title-content">Item 2</span></span> <span class="k-icon--base k-icon--base__dark k-icon-transition i-carbon-chevron-down  rotate-180 k-icon-transition k-menu-item-icon" role="" aria-hidden="true" style="width: 14px; height: 14px;"></span></li></div>  <div class="overflow-hidden"><ul class="k-menu k-menu-inline k-menu-sub k-menu-sub-inline k-menu-sub-bg" style="border-color: transparent; transition: height 0.3s;"><div aria-hidden="true" class="flex svelte-13arsd0" data-popover-trigger="" style="width: 100%;"><li slot="triggerEl" aria-hidden="true" class="k-menu-item k-menu-item-inline k-menu-item-inline-not-top k-menu-item-disabled" title="" uid="asdqqda" style="padding-left: 72px;"><span class="k-menu-item-icon-root"> <span class="k-menu-title-content">Option 3</span></span> </li></div>    <div aria-hidden="true" class="flex svelte-13arsd0" data-popover-trigger="" style="width: 100%;"><li slot="triggerEl" aria-hidden="true" class="k-menu-item k-menu-item-inline k-menu-item-inline-not-top k-menu-item-disabled" title="" uid="asdqqda" style="padding-left: 72px;"><span class="k-menu-item-icon-root"> <span class="k-menu-title-content">Option 4</span></span> </li></div>     </ul></div>   </ul></div>   </ul></div> <div class="overflow-hidden"><ul class="k-menu k-menu-vertical" style="transition: height 0.3s;"> <div aria-hidden="true" class="flex k-menu-item-popover-trigger-vertical svelte-13arsd0" data-popover-trigger="" style="width: auto;"><div aria-hidden="true" class="flex svelte-13arsd0" data-popover-trigger="" style="width: 100%;"><li slot="triggerEl" aria-hidden="true" class="k-menu-item k-menu-item-vertical k-menu-item-vertical-not-top k-menu-item-active k-menu-item-selected-group k-menu-item-child" title="" style="padding-left: 24px;"><span class="k-menu-item-icon-root"><span class="k-icon--base k-icon--base__dark k-icon-transition i-carbon-logo-vue k-menu-item-icon" role="" aria-hidden="true" style="width: 14px; height: 14px;"></span> <span class="k-menu-title-content-i">Navigation Three - Su</span></span> <span class="k-icon--base k-icon--base__dark k-icon-transition i-carbon-chevron-down  -rotate-90 k-menu-item-icon" role="" aria-hidden="true" style="width: 14px; height: 14px;"></span></li></div> </div>   </ul></div> <div class="overflow-hidden"><ul class="k-menu k-menu-horizontal" style="border-color: transparent; transition: height 0.3s;">  <div aria-hidden="true" data-k-menu-h="1" class="flex svelte-13arsd0" data-popover-trigger="" style="width: auto; order: 0; opacity: 1; order: 0;"><li aria-hidden="true" class="k-menu-item k-menu-item-horizontal k-menu-item-selected-group-h k-menu-item-child" title="" style="padding-left: 16px;"><span class="k-menu-item-icon-root"><span class="k-icon--base k-icon--base__dark k-icon-transition i-carbon-logo-vue k-menu-item-icon" role="" aria-hidden="true" style="width: 14px; height: 14px;"></span> <span class="k-menu-title-content-i">Navigation Three - Su</span></span> </li> </div>  </ul></div></div>"`;

exports[`Test: KMenu createKMenu > props: cls 1`] = `"<div class="overflow-hidden"><ul class="k-menu k-menu-vertical k-menu--test" style="border-color: transparent; transition: height 0.3s;"></ul></div>"`;

exports[`Test: KMenuItems > props: cls 1`] = `"<div class="overflow-hidden"><ul class="k-menu k-menu-vertical k-menu--test" style="border-color: transparent; transition: height 0.3s;"></ul></div>"`;
